[2025-07-20 07:41:20] [INFO] Starting Enhanced Cron Replayer Script
[2025-07-20 07:41:20] [INFO] Initializing cron replayer tracking system
[2025-07-20 07:41:20] [INFO] Parsing time window configuration from /home/runner/work/Docker-Projects/Docker-Projects/Shell-Script-Container/cron_config.json
[2025-07-20 07:41:20] [INFO] Loaded 6 time window entries
[2025-07-20 07:41:20] [INFO] Executing cron jobs for time: 2024-01-15 04:30:00
[2025-07-20 07:41:20] [INFO] Executing configured cron jobs
[2025-07-20 07:41:20] [INFO] Executing cron job: service1/backup_job
[2025-07-20 07:41:21] [INFO] Job service1/backup_job completed successfully
[2025-07-20 07:41:21] [INFO] Executing cron job: service1/cleanup_job
[2025-07-20 07:41:22] [INFO] Job service1/cleanup_job completed successfully
[2025-07-20 07:41:22] [INFO] Executing cron job: service2/sync_job
[2025-07-20 07:41:24] [INFO] Job service2/sync_job completed successfully
[2025-07-20 07:41:24] [INFO] Executing cron job: service2/monitor_job
[2025-07-20 07:41:25] [INFO] Job service2/monitor_job completed successfully
[2025-07-20 07:41:25] [INFO] Executing cron job: service3/report_job
[2025-07-20 07:41:25] [INFO] Job service3/report_job completed successfully
[2025-07-20 07:41:25] [INFO] Generating email report: /home/runner/work/Docker-Projects/Docker-Projects/Shell-Script-Container/cron_report_20250720_074125.txt
[2025-07-20 07:42:49] [INFO] Starting Enhanced Cron Replayer Script
[2025-07-20 07:42:49] [INFO] Initializing cron replayer tracking system
[2025-07-20 07:42:49] [INFO] Parsing time window configuration from /home/runner/work/Docker-Projects/Docker-Projects/Shell-Script-Container/cron_config.json
[2025-07-20 07:42:49] [INFO] Loaded 6 time window entries
[2025-07-20 07:42:49] [INFO] Executing cron jobs for time: 2024-01-15 04:30:00
[2025-07-20 07:42:49] [INFO] Executing configured cron jobs
[2025-07-20 07:42:49] [INFO] Executing cron job: service1/backup_job
[2025-07-20 07:42:50] [INFO] Job service1/backup_job completed successfully
[2025-07-20 07:42:50] [INFO] Executing cron job: service1/cleanup_job
[2025-07-20 07:42:52] [INFO] Job service1/cleanup_job completed successfully
[2025-07-20 07:42:52] [INFO] Executing cron job: service2/sync_job
[2025-07-20 07:42:54] [INFO] Job service2/sync_job completed successfully
[2025-07-20 07:42:54] [INFO] Executing cron job: service2/monitor_job
[2025-07-20 07:42:55] [INFO] Job service2/monitor_job completed successfully
[2025-07-20 07:42:55] [INFO] Executing cron job: service3/report_job
[2025-07-20 07:42:55] [INFO] Job service3/report_job completed successfully
[2025-07-20 07:42:55] [INFO] Generating email report: /home/runner/work/Docker-Projects/Docker-Projects/Shell-Script-Container/cron_report_20250720_074255.txt
[2025-07-20 07:42:55] [INFO] Email report generated: [2025-07-20 07:42:55] [INFO] Generating email report: /home/runner/work/Docker-Projects/Docker-Projects/Shell-Script-Container/cron_report_20250720_074255.txt
/home/runner/work/Docker-Projects/Docker-Projects/Shell-Script-Container/cron_report_20250720_074255.txt
[2025-07-20 07:42:55] [INFO] Would send email to: admin@example.com with subject: Cron Replayer Report - 2025-07-20 07:42:55
[2025-07-20 07:42:55] [INFO] Cron replayer execution completed
[2025-07-20 07:43:18] [INFO] Starting Enhanced Cron Replayer Script
[2025-07-20 07:43:18] [INFO] Initializing cron replayer tracking system
[2025-07-20 07:43:18] [INFO] Parsing time window configuration from /home/runner/work/Docker-Projects/Docker-Projects/Shell-Script-Container/cron_config.json
[2025-07-20 07:43:18] [INFO] Loaded 6 time window entries
[2025-07-20 07:43:18] [INFO] Executing cron jobs for time: 2024-01-15 01:00:00
[2025-07-20 07:43:18] [INFO] Executing configured cron jobs
[2025-07-20 07:43:18] [INFO] Executing cron job: service1/backup_job
[2025-07-20 07:43:18] [WARN] Job service1/backup_job skipped - outside time window
[2025-07-20 07:43:18] [INFO] Executing cron job: service1/cleanup_job
[2025-07-20 07:43:18] [WARN] Job service1/cleanup_job skipped - outside time window
[2025-07-20 07:43:18] [INFO] Executing cron job: service2/sync_job
[2025-07-20 07:43:18] [WARN] Job service2/sync_job skipped - outside time window
[2025-07-20 07:43:18] [INFO] Executing cron job: service2/monitor_job
[2025-07-20 07:43:18] [WARN] Job service2/monitor_job skipped - outside time window
[2025-07-20 07:43:18] [INFO] Executing cron job: service3/report_job
[2025-07-20 07:43:18] [WARN] Job service3/report_job skipped - outside time window
[2025-07-20 07:43:18] [INFO] Generating email report: /home/runner/work/Docker-Projects/Docker-Projects/Shell-Script-Container/cron_report_20250720_074318.txt
[2025-07-20 07:43:18] [INFO] Email report generated: [2025-07-20 07:43:18] [INFO] Generating email report: /home/runner/work/Docker-Projects/Docker-Projects/Shell-Script-Container/cron_report_20250720_074318.txt
/home/runner/work/Docker-Projects/Docker-Projects/Shell-Script-Container/cron_report_20250720_074318.txt
[2025-07-20 07:43:18] [INFO] Would send email to: admin@example.com with subject: Cron Replayer Report - 2025-07-20 07:43:18
[2025-07-20 07:43:18] [INFO] Cron replayer execution completed
[2025-07-20 07:46:19] [INFO] Starting Enhanced Cron Replayer Script
[2025-07-20 07:46:19] [INFO] Initializing cron replayer tracking system
[2025-07-20 07:46:19] [INFO] Parsing time window configuration from /home/runner/work/Docker-Projects/Docker-Projects/Shell-Script-Container/cron_config.json
[2025-07-20 07:46:19] [INFO] Loaded 6 time window entries
[2025-07-20 07:46:19] [INFO] Executing cron jobs for time: 2024-01-15 01:00:00
[2025-07-20 07:46:19] [INFO] Executing configured cron jobs
[2025-07-20 07:46:19] [INFO] Executing cron job: service1/backup_job
[2025-07-20 07:46:19] [WARN] Job service1/backup_job skipped - outside time window
[2025-07-20 07:46:19] [INFO] Executing cron job: service1/cleanup_job
[2025-07-20 07:46:19] [WARN] Job service1/cleanup_job skipped - outside time window
[2025-07-20 07:46:19] [INFO] Executing cron job: service2/sync_job
[2025-07-20 07:46:19] [WARN] Job service2/sync_job skipped - outside time window
[2025-07-20 07:46:19] [INFO] Executing cron job: service2/monitor_job
[2025-07-20 07:46:19] [WARN] Job service2/monitor_job skipped - outside time window
[2025-07-20 07:46:19] [INFO] Executing cron job: service3/report_job
[2025-07-20 07:46:19] [WARN] Job service3/report_job skipped - outside time window
[2025-07-20 07:46:19] [INFO] Generating email report: /home/runner/work/Docker-Projects/Docker-Projects/Shell-Script-Container/cron_report_20250720_074619.txt
[2025-07-20 07:46:19] [INFO] Email report generated: [2025-07-20 07:46:19] [INFO] Generating email report: /home/runner/work/Docker-Projects/Docker-Projects/Shell-Script-Container/cron_report_20250720_074619.txt
/home/runner/work/Docker-Projects/Docker-Projects/Shell-Script-Container/cron_report_20250720_074619.txt
[2025-07-20 07:46:19] [INFO] Would send email to: admin@example.com with subject: Cron Replayer Report - 2025-07-20 07:46:19
[2025-07-20 07:46:19] [INFO] Cron replayer execution completed
[2025-07-20 07:46:41] [INFO] Starting Enhanced Cron Replayer Script
[2025-07-20 07:46:41] [INFO] Initializing cron replayer tracking system
[2025-07-20 07:46:41] [INFO] Parsing time window configuration from /home/runner/work/Docker-Projects/Docker-Projects/Shell-Script-Container/cron_config.json
[2025-07-20 07:46:41] [INFO] Loaded 6 time window entries
[2025-07-20 07:46:41] [INFO] Executing cron jobs for time: 2024-01-15 04:00:00
[2025-07-20 07:46:41] [INFO] Executing configured cron jobs
[2025-07-20 07:46:41] [INFO] Executing cron job: service1/backup_job
[2025-07-20 07:46:42] [INFO] Job service1/backup_job completed successfully
[2025-07-20 07:46:42] [INFO] Executing cron job: service1/cleanup_job
[2025-07-20 07:46:42] [ERROR] Job service1/cleanup_job failed: Simulated execution failure - command returned non-zero exit code
[2025-07-20 07:46:42] [INFO] Executing cron job: service2/sync_job
[2025-07-20 07:46:44] [INFO] Job service2/sync_job completed successfully
[2025-07-20 07:46:44] [INFO] Executing cron job: service2/monitor_job
[2025-07-20 07:46:44] [INFO] Job service2/monitor_job completed successfully
[2025-07-20 07:46:44] [INFO] Executing cron job: service3/report_job
[2025-07-20 07:46:45] [INFO] Job service3/report_job completed successfully
[2025-07-20 07:46:45] [INFO] Generating email report: /home/runner/work/Docker-Projects/Docker-Projects/Shell-Script-Container/cron_report_20250720_074645.txt
[2025-07-20 07:46:45] [INFO] Email report generated: [2025-07-20 07:46:45] [INFO] Generating email report: /home/runner/work/Docker-Projects/Docker-Projects/Shell-Script-Container/cron_report_20250720_074645.txt
/home/runner/work/Docker-Projects/Docker-Projects/Shell-Script-Container/cron_report_20250720_074645.txt
[2025-07-20 07:46:45] [INFO] Would send email to: admin@example.com with subject: Cron Replayer Report - 2025-07-20 07:46:45
[2025-07-20 07:46:45] [INFO] Cron replayer execution completed
[2025-07-20 07:52:24] [INFO] Starting Enhanced Cron Replayer Script
[2025-07-20 07:52:24] [INFO] Initializing cron replayer tracking system
[2025-07-20 07:52:24] [INFO] Parsing time window configuration from /home/runner/work/Docker-Projects/Docker-Projects/Shell-Script-Container/cron_config.json
[2025-07-20 07:52:24] [INFO] Loaded 6 time window entries
[2025-07-20 07:52:24] [INFO] Executing cron jobs for time: 2024-01-15 04:30:00
[2025-07-20 07:52:24] [INFO] Executing configured cron jobs
[2025-07-20 07:52:24] [INFO] Executing cron job: service1/backup_job
[2025-07-20 07:52:25] [INFO] Job service1/backup_job completed successfully
[2025-07-20 07:52:25] [INFO] Executing cron job: service1/cleanup_job
[2025-07-20 07:52:25] [ERROR] Job service1/cleanup_job failed: Simulated execution failure - command returned non-zero exit code
[2025-07-20 07:52:25] [INFO] Executing cron job: service2/sync_job
[2025-07-20 07:52:27] [INFO] Job service2/sync_job completed successfully
[2025-07-20 07:52:27] [INFO] Executing cron job: service2/monitor_job
[2025-07-20 07:52:27] [ERROR] Job service2/monitor_job failed: Simulated execution failure - command returned non-zero exit code
[2025-07-20 07:52:27] [INFO] Executing cron job: service3/report_job
[2025-07-20 07:52:27] [ERROR] Job service3/report_job failed: Simulated execution failure - command returned non-zero exit code
[2025-07-20 07:52:27] [INFO] Generating email report: /home/runner/work/Docker-Projects/Docker-Projects/Shell-Script-Container/cron_report_20250720_075227.txt
[2025-07-20 07:52:27] [INFO] Email report generated: [2025-07-20 07:52:27] [INFO] Generating email report: /home/runner/work/Docker-Projects/Docker-Projects/Shell-Script-Container/cron_report_20250720_075227.txt
/home/runner/work/Docker-Projects/Docker-Projects/Shell-Script-Container/cron_report_20250720_075227.txt
[2025-07-20 07:52:27] [INFO] Would send email to: admin@example.com with subject: Cron Replayer Report - 2025-07-20 07:52:27
[2025-07-20 07:52:27] [INFO] Cron replayer execution completed
